
thread 'main' panicked at library/std/src/sys/pal/unix/thread.rs:302:9:
failed to join thread: No such process (os error 3)
note: run with `RUST_BACKTRACE=1` environment variable to display a backtrace

thread '<unnamed>' panicked at $DIR/synchronized-panic-handler.rs:11:5:
oops oh no woe is me

thread '<unnamed>' panicked at $DIR/synchronized-panic-handler.rs:11:5:
oops oh no woe is me
