
thread 'main' panicked at $DIR/panic-in-ffi.rs:21:5:
Test
note: run with `RUST_BACKTRACE=1` environment variable to display a backtrace
Noisy Drop

thread 'main' panicked at library/core/src/panicking.rs:$LINE:$COL:
panic in a function that cannot unwind
stack backtrace:
panicked at $SRC_DIR_REAL/alloc/src/vec/mod.rs:LL:COL:
unsafe precondition(s) violated: slice::from_raw_parts requires the pointer to be aligned and non-null, and the total size of the slice not to exceed `isize::MAX`

This indicates a bug in the program. This Undefined Behavior check is optional, and cannot be relied on for safety.
thread panicked while processing panic. aborting.
